2.23607 5 7.81025 10.6301 
3.16228 4.47214 5.83095 7.2111 
10.6301 7.81025 5 2.23607 
7.2111 5.83095 4.47214 3.16228 
