1+2i 3+4i 5+6i 7+8i 
1+3i 2+4i 3+5i 4+6i 
8+7i 6+5i 4+3i 2+1i 
6+4i 5+3i 4+2i 3+1i 
